exports[`<ErrorPage /> should render with no props 1`] = `
<div
  className="container-fluid">
  <div
    className="kbc-main-content">
    <Alert
      bsClass="alert"
      bsStyle="danger"
      closeLabel="Close alert">
      <div>
        <p>
          error-text
        </p>
        <p>
          Exception id: error-exception-id
        </p>
      </div>
    </Alert>
  </div>
</div>
`;
